// Jest Snapshot v1, https://goo.gl/fbAQLP

exports[`Calendar Component should render component 1`] = `undefined`;
