// Jest Snapshot v1, https://goo.gl/fbAQLP

exports[`FilterByType Component should render component 1`] = `undefined`;
