// Jest Snapshot v1, https://goo.gl/fbAQLP

exports[`FirestoreLocation Component should render component 1`] = `undefined`;
