// Jest Snapshot v1, https://goo.gl/fbAQLP

exports[`TechStack renders correctly 1`] = `
<DocumentFragment>
  <div
    class="container"
  >
    <div
      class="svgContainer"
    >
      <div
        class="tooltip svg "
      >
        <img
          src="/Tech/icons8-css.svg"
        />
        <span
          class="right"
        >
          <div
            class="textContent"
          >
            <h3>
              CSS3
            </h3>
            <ul>
              <li>
                Style sheet language for web
              </li>
              <li>
                Beautiful, responsive, interactive
              </li>
              <li>
                Enhanced design possibilities
              </li>
            </ul>
          </div>
          <i />
        </span>
      </div>
      <div
        class="tooltip svg"
      >
        <img
          src="/Tech/icons8-tailwind-css.svg"
        />
        <span
          class="right"
        >
          <div
            class="textContent"
          >
            <h3>
              TailwindCSS
            </h3>
            <ul>
              <li>
                Utility-first CSS framework
              </li>
              <li>
                Customizable, modular, efficient
              </li>
              <li>
                Rapid prototyping and development
              </li>
            </ul>
          </div>
          <i />
        </span>
      </div>
      <div
        class="tooltip svg"
      >
        <img
          src="/Tech/jest-svgrepo.svg"
        />
        <span
          class="right"
        >
          <div
            class="textContent"
          >
            <h3>
              Jest
            </h3>
            <ul>
              <li>
                JavaScript testing framework
              </li>
              <li>
                Simple, fast, powerful
              </li>
              <li>
                Confident code quality assurance
              </li>
            </ul>
          </div>
          <i />
        </span>
      </div>
      <div
        class="tooltip svg"
      >
        <img
          src="/Tech/material-ui.svg"
        />
        <span
          class="right"
        >
          <div
            class="textContent"
          >
            <h3>
              Material UI
            </h3>
            <ul>
              <li>
                React components based on Material Design
              </li>
              <li>
                Beautiful, responsive, customizable
              </li>
              <li>
                Comprehensive and production-ready library
              </li>
            </ul>
            <i />
          </div>
        </span>
      </div>
    </div>
    <div
      class="svgContainer1"
    >
      <div
        class="tooltip svg"
      >
        <img
          src="/Tech/icons8-firebase.svg"
        />
        <span
          class="right"
        >
          <div
            class="textContent"
          >
            <h3>
              firebase
            </h3>
            <ul>
              <li>
                Backend platform for apps
              </li>
              <li>
                Secure, scalable, reliable
              </li>
              <li>
                Seamless integration with web
              </li>
            </ul>
          </div>
          <i />
        </span>
      </div>
      <div
        class="tooltip svg"
      >
        <img
          src="/Tech/icons8-nextjs.svg"
        />
        <span
          class="right"
        >
          <div
            class="textContent"
          >
            <h3>
              Next.js
            </h3>
            <ul>
              <li>
                React framework for web
              </li>
              <li>
                Fast, easy, versatile
              </li>
              <li>
                Enjoyable development experience
              </li>
            </ul>
          </div>
          <i />
        </span>
      </div>
      <div
        class="tooltip svg"
      >
        <img
          src="/Tech/i18next.svg"
        />
        <span
          class="right"
        >
          <div
            class="textContent"
          >
            <h3>
              I18next
            </h3>
            <ul>
              <li>
                Internationalization framework for JavaScript
              </li>
              <li>
                Learn once, translate everywhere
              </li>
              <li>
                Complete translation solution for web, mobile and desktop
              </li>
            </ul>
          </div>
          <i />
        </span>
      </div>
      <div
        class="tooltip svg"
      >
        <img
          src="/Tech/DaisyUi.webp"
        />
        <span
          class="right"
        >
          <div
            class="textContent"
          >
            <h3>
              daisyUI
            </h3>
            <ul>
              <li>
                Tailwind CSS component library
              </li>
              <li>
                No JavaScript, pure CSS
              </li>
              <li>
                Cute and functional design
              </li>
            </ul>
            <i />
          </div>
        </span>
      </div>
    </div>
    <img
      class="png"
      src="/Tech/techstack.png"
    />
  </div>
</DocumentFragment>
`;
