// Jest Snapshot v1, https://goo.gl/fbAQLP

exports[`DesktopEvents renders correctly 1`] = `<DocumentFragment />`;
