// Jest Snapshot v1, https://goo.gl/fbAQLP

exports[`EventCreation renders correctly 1`] = `<DocumentFragment />`;
