// Jest Snapshot v1, https://goo.gl/fbAQLP

exports[`EventCardLeft renders correctly 1`] = `<DocumentFragment />`;
