// Jest Snapshot v1, https://goo.gl/fbAQLP

exports[`NoEvent renders correctly 1`] = `<DocumentFragment />`;
