// Jest Snapshot v1, https://goo.gl/fbAQLP

exports[`PhoneVerify renders correctly 1`] = `<DocumentFragment />`;
