// Jest Snapshot v1, https://goo.gl/fbAQLP

exports[`WideScreenCard renders correctly 1`] = `<DocumentFragment />`;
