// Jest Snapshot v1, https://goo.gl/fbAQLP

exports[`HeaderCard renders correctly 1`] = `
<DocumentFragment>
  <div
    class="change flex flex-row items-center justify-center gap-2 mb-8 xl:w-[1222px] xl:min-h-[750px] lg:w-[960px] lg:min-h-[500px] md:w-[777px] md:min-h-[370px] sm:w-[666px] sm:min-h-[330px] w-[466px] min-h-[300px] "
  >
    <div
      class="text"
    >
      <div
        class="text flex flex-col justify-center items-start gap-3 lg:w-[488px] w-[150px] sm:w-[318px] sm:min-h-[218px] md:w-[388px] md:min-h-[274px] lg:min-h-[374px] overflow-clip"
        style="word-wrap: break-word;"
      >
        <h5
          class="text-[#1A1A1A] md:text-[32px] sm:text-[24px] text-[13px] lg:text-[48px] sm:leading-[32px] sm:tracking-[0.11px] font-[500] lg:leading-[44px] lg:tracking-[0.18px] break-words "
        >
          common:headerCard:title
        </h5>
        <p
          class="text-[#878787] md:text-[18px] sm:text-[16px] text-[10px]  lg:text-[24px] font-[400] lg:leading-[30px] lg:tracking-[0.10px] break-words "
        >
          common:headerCard:description
        </p>
        <a
          class="text-center bg-[#2F7DA9] hover:bg-[#38779b] sm:w-[88px] sm:h-[22px] w-[60px] h-[16px] sm:text-[13px] text-[10px] rounded-[4px] lg:w-[120px] lg:h-[30px] text-white lg:text-[18px] mt-3"
          href="/signup"
        >
          common:headerCard:button
        </a>
      </div>
    </div>
    <div
      class="slideleft image xl:h-[638px] xl:w-[638px] lg:w-[418px] md:w-[318px] w-[278px] flex items-center justify-center"
    >
      <img
        alt="homeCard"
        class="img"
        data-nimg="1"
        decoding="async"
        height="638"
        loading="lazy"
        src="/_next/image?url=%2FHomepage%2FSquare.png&w=1920&q=75"
        srcset="/_next/image?url=%2FHomepage%2FSquare.png&w=640&q=75 1x, /_next/image?url=%2FHomepage%2FSquare.png&w=1920&q=75 2x"
        style="color: transparent;"
        width="638"
      />
    </div>
  </div>
</DocumentFragment>
`;
