// Jest Snapshot v1, https://goo.gl/fbAQLP

exports[`OtpInput snapshot 1`] = `
<div
  className="otpContainer"
>
  <input
    autoFocus={true}
    maxLength={1}
    onChange={[Function]}
    onKeyDown={[Function]}
    type="text"
    value=""
  />
</div>
`;
